// Jest Snapshot v1, https://goo.gl/fbAQLP

exports[`BlurIcon should render correctly 1`] = `
<View
  className="items-center justify-center overflow-hidden"
  style={
    [
      {
        "backgroundColor": "transparent",
      },
      {
        "borderRadius": 8,
        "height": 40,
        "width": 40,
      },
    ]
  }
>
  <ViewManagerAdapter_ExpoBlurView
    proxiedProperties={
      {
        "intensity": 22,
        "tint": "light",
      }
    }
    style={
      {
        "bottom": 0,
        "left": 0,
        "position": "absolute",
        "right": 0,
        "top": 0,
      }
    }
  />
</View>
`;
