// Jest Snapshot v1, https://goo.gl/fbAQLP

exports[`title Render 1`] = `
<Text
  className="mb-4"
  numberOfLines={1}
  style={
    [
      {
        "color": "#fff",
        "fontFamily": "Montserrat_300Light",
        "fontSize": 20,
        "textAlign": "left",
      },
      {
        "backgroundColor": "red",
      },
    ]
  }
  testID="title"
>
  by
</Text>
`;
